../Core/Src/main.c:89:23:numconns	24	static
../Core/Src/main.c:99:13:fn	32	static
../Core/Src/main.c:136:5:main	24	static,ignoring_inline_asm
../Core/Src/main.c:228:6:SystemClock_Config	120	static
../Core/Src/main.c:289:13:MX_RNG_Init	8	static
../Core/Src/main.c:316:13:MX_USART3_UART_Init	8	static
../Core/Src/main.c:364:13:MX_GPIO_Init	56	static
../Core/Src/main.c:430:6:Starthttp	16	static
../Core/Src/main.c:455:6:StartDefaultTask	88	static
../Core/Src/main.c:492:6:MPU_Config	24	static
../Core/Src/main.c:549:6:HAL_TIM_PeriodElapsedCallback	16	static
../Core/Src/main.c:566:6:Error_Handler	4	static,ignoring_inline_asm
