../Middlewares/Third_Party/LwIP/src/apps/http/httpd.c:1673:1:http_get_404_file	16	static
../Middlewares/Third_Party/LwIP/src/apps/http/httpd.c:2601:1:http_accept	16	static
../Middlewares/Third_Party/LwIP/src/apps/http/httpd.c:2176:1:http_find_file	56	static
../Middlewares/Third_Party/LwIP/src/apps/http/httpd.c:1729:1:http_post_rxpbuf	16	static
../Middlewares/Third_Party/LwIP/src/apps/http/httpd.c:596:1:http_close_or_abort_conn.constprop.isra	16	static
../Middlewares/Third_Party/LwIP/src/apps/http/httpd.c:655:1:http_eof	16	static
../Middlewares/Third_Party/LwIP/src/apps/http/httpd.c:1559:1:http_send	24	static
../Middlewares/Third_Party/LwIP/src/apps/http/httpd.c:2441:1:http_sent	8	static
../Middlewares/Third_Party/LwIP/src/apps/http/httpd.c:2468:1:http_poll	8	static
../Middlewares/Third_Party/LwIP/src/apps/http/httpd.c:2516:1:http_recv	88	static
../Middlewares/Third_Party/LwIP/src/apps/http/httpd.c:2424:1:http_err	8	static
../Middlewares/Third_Party/LwIP/src/apps/http/httpd.c:2659:1:httpd_init	8	static
